Some text before

<!--argparse_to_md:test1:get_parser-->
Usage:
```
testprog [-h] [--foo FOO] [--bar BAR]
```
Description of the program

Optional arguments:
- `--foo FOO`: foo help
- `--bar BAR`: bar help
<!--argparse_to_md_end-->

some text after

<!--another comment-->
